 Container market-alpha-scanner-market-alpha-postgres-1 Running
 Container market-alpha-scanner-market-alpha-postgres-1 Waiting
 Container market-alpha-scanner-market-alpha-postgres-1 Healthy
 Container market-alpha-scanner-market-alpha-scanner-job-run-6bd42eaa413c Creating
 Container market-alpha-scanner-market-alpha-scanner-job-run-6bd42eaa413c Created
[mode] FAST mode enabled
[mode] skipping news enrichment
[mode] skipping analysis outputs
[universe] selected 1000 symbols
[scanner] lock acquired
[1/5] Downloading price history for 1000 symbols...
[perf] price_history_download took 179.7s
[2/5] Downloading macro proxies...
[event] verified context available=True cache=hit sources=SEC EDGAR 8-K Filings,CoinDesk
[perf] macro_download took 4.4s
[3/5] Scoring symbols...
    scored 15/1000...
    scored 30/1000...
    scored 45/1000...
    scored 60/1000...
    scored 75/1000...
    scored 90/1000...
    scored 105/1000...
    scored 120/1000...
    scored 135/1000...
    scored 150/1000...
    scored 165/1000...
    scored 180/1000...
    scored 195/1000...
    scored 210/1000...
    scored 225/1000...
    scored 240/1000...
    scored 255/1000...
    scored 270/1000...
    scored 285/1000...
    scored 330/1000...
    scored 375/1000...
    scored 435/1000...
    scored 465/1000...
    scored 480/1000...
    scored 555/1000...
    scored 600/1000...
    scored 705/1000...
    scored 735/1000...
    scored 765/1000...
    scored 825/1000...
    scored 840/1000...
    scored 870/1000...
    scored 900/1000...
    scored 915/1000...
    scored 960/1000...
    scored 975/1000...
[cache] fundamentals hits=554 misses=0
[perf] scoring took 360.5s
[4/5] Enriching top names with headline / event context...
[cache] news hits=0 misses=0
[perf] headline_news_enrichment took 0.0s
[5/5] Building ranking table...
[perf] ranking_table_build took 3.5s
[perf] csv_writes took 1.1s

TOP CANDIDATES (final_decision source of truth)
symbol asset_type             sector    price  score decision setup_type  confidence  data_quality                                                        reason
   UUP   FX_PROXY          US Dollar   27.965  85.57    AVOID      AVOID       54.47          95.0 Poor risk/reward or overextended in current market conditions
   AMG     EQUITY Financial Services  344.200  80.98    AVOID      AVOID       62.62          95.0 Poor risk/reward or overextended in current market conditions
  ABCB     EQUITY Financial Services   87.365  80.27    AVOID      AVOID       62.62          95.0 Poor risk/reward or overextended in current market conditions
   HYG BOND_PROXY  High Yield Credit   79.665  79.85    AVOID      AVOID       54.47         100.0 Poor risk/reward or overextended in current market conditions
  ZION     EQUITY Financial Services   65.150  79.59    AVOID      AVOID       62.62          95.0 Poor risk/reward or overextended in current market conditions
   BNS     EQUITY Financial Services   81.775  79.59    AVOID      AVOID       62.78          95.0 Poor risk/reward or overextended in current market conditions
   MTB     EQUITY Financial Services  226.830  79.30    AVOID      AVOID       62.78          95.0 Poor risk/reward or overextended in current market conditions
   ASB     EQUITY Financial Services   28.620  79.21    AVOID      AVOID       62.78          95.0 Poor risk/reward or overextended in current market conditions
   PFG     EQUITY Financial Services  106.360  78.99    AVOID      AVOID       62.78          95.0 Poor risk/reward or overextended in current market conditions
   BAC     EQUITY Financial Services   54.300  78.91    AVOID      AVOID       62.68         100.0 Poor risk/reward or overextended in current market conditions
   JPM     EQUITY Financial Services  314.750  78.80    AVOID      AVOID       62.78         100.0 Poor risk/reward or overextended in current market conditions
   ONB     EQUITY Financial Services   24.475  78.67    AVOID      AVOID       62.68          95.0 Poor risk/reward or overextended in current market conditions
    RF     EQUITY Financial Services   29.125  77.97    AVOID      AVOID       62.78          95.0 Poor risk/reward or overextended in current market conditions
    RL     EQUITY  Consumer Cyclical  388.915  77.86    AVOID      AVOID       54.78         100.0 Poor risk/reward or overextended in current market conditions
   HLT     EQUITY  Consumer Cyclical  346.220  77.83    AVOID      AVOID       54.62         100.0 Poor risk/reward or overextended in current market conditions
  INCY     EQUITY         Healthcare  103.230  77.10    AVOID      AVOID       54.62          95.0 Poor risk/reward or overextended in current market conditions
   LLY     EQUITY         Healthcare 1153.170  77.01    AVOID      AVOID       54.62         100.0 Poor risk/reward or overextended in current market conditions
  ASML     EQUITY         Technology 1792.080  76.34    AVOID      AVOID       55.10         100.0 Poor risk/reward or overextended in current market conditions
  AMAT     EQUITY         Technology  510.510  76.34    AVOID      AVOID       55.10         100.0 Poor risk/reward or overextended in current market conditions
   BNL     EQUITY        Real Estate   20.905  76.03    AVOID      AVOID       54.78          95.0 Poor risk/reward or overextended in current market conditions

Saved full ranking to: /app/scanner_output/full_ranking.csv
Saved top 20 to: /app/scanner_output/top_candidates.csv
Saved scan snapshot to: /app/scanner_output/history/scan_20260609_143106.csv
Wrote database rows: scan_runs=1, scanner_signals=543

Important:
- This is a ranking engine, not financial advice or a prediction guarantee.
- Headline and macro layers are intentionally simple and can be wrong.
- AVWAP uses objective anchors (YTD and recent swing low) rather than hand-picked discretionary anchors.
- VPVR is intentionally not included because Yahoo daily bars are not reliable enough for it.
- Historical evaluation is useful, but it is not survivorship-free or point-in-time perfect.
[scanner] lock released
[perf] total_runtime took 588.1s
