 Container market-alpha-scanner-market-alpha-postgres-1 Running
 Container market-alpha-scanner-market-alpha-postgres-1 Waiting
 Container market-alpha-scanner-market-alpha-postgres-1 Healthy
 Container market-alpha-scanner-market-alpha-scanner-job-run-a486146f8b81 Creating
 Container market-alpha-scanner-market-alpha-scanner-job-run-a486146f8b81 Created
[mode] FAST mode enabled
[mode] skipping news enrichment
[mode] skipping analysis outputs
[universe] selected 1000 symbols
[scanner] lock acquired
[1/5] Downloading price history for 1000 symbols...
[perf] price_history_download took 170.8s
[2/5] Downloading macro proxies...
[event] verified context available=True cache=hit sources=SEC EDGAR 8-K Filings,CoinDesk
[perf] macro_download took 2.9s
[3/5] Scoring symbols...
    scored 15/1000...
    scored 30/1000...
    scored 45/1000...
    scored 60/1000...
    scored 75/1000...
    scored 90/1000...
    scored 105/1000...
    scored 120/1000...
    scored 135/1000...
    scored 150/1000...
    scored 165/1000...
    scored 180/1000...
    scored 195/1000...
    scored 210/1000...
    scored 225/1000...
    scored 240/1000...
    scored 255/1000...
    scored 270/1000...
    scored 285/1000...
    scored 330/1000...
    scored 375/1000...
    scored 435/1000...
    scored 465/1000...
    scored 480/1000...
    scored 555/1000...
    scored 600/1000...
    scored 705/1000...
    scored 735/1000...
    scored 765/1000...
    scored 825/1000...
    scored 840/1000...
    scored 870/1000...
    scored 900/1000...
    scored 915/1000...
    scored 960/1000...
    scored 975/1000...
[cache] fundamentals hits=369 misses=185
[perf] scoring took 599.9s
[4/5] Enriching top names with headline / event context...
[cache] news hits=0 misses=0
[perf] headline_news_enrichment took 0.0s
[5/5] Building ranking table...
[perf] ranking_table_build took 3.6s
[perf] csv_writes took 1.1s

TOP CANDIDATES (final_decision source of truth)
symbol asset_type             sector     price  score      decision setup_type  confidence  data_quality                                                           reason
   UUP   FX_PROXY          US Dollar   27.9645  85.54         AVOID      AVOID       54.47          95.0    Poor risk/reward or overextended in current market conditions
   AMG     EQUITY Financial Services  342.3600  80.87         AVOID      AVOID       62.62          95.0    Poor risk/reward or overextended in current market conditions
  ABCB     EQUITY Financial Services   87.5800  80.11         AVOID      AVOID       62.62          95.0    Poor risk/reward or overextended in current market conditions
   HYG BOND_PROXY  High Yield Credit   79.7050  79.53         AVOID      AVOID       54.47         100.0    Poor risk/reward or overextended in current market conditions
   BNS     EQUITY Financial Services   81.8200  79.50         AVOID      AVOID       62.78          95.0    Poor risk/reward or overextended in current market conditions
  ZION     EQUITY Financial Services   65.0000  79.39         AVOID      AVOID       62.62          95.0    Poor risk/reward or overextended in current market conditions
   MTB     EQUITY Financial Services  226.6450  79.17         AVOID      AVOID       62.78          95.0    Poor risk/reward or overextended in current market conditions
   ASB     EQUITY Financial Services   28.5400  78.92         AVOID      AVOID       62.78          95.0    Poor risk/reward or overextended in current market conditions
   PFG     EQUITY Financial Services  106.5600  78.90         AVOID      AVOID       62.78          95.0    Poor risk/reward or overextended in current market conditions
   BAC     EQUITY Financial Services   54.3000  78.74         AVOID      AVOID       62.68         100.0    Poor risk/reward or overextended in current market conditions
   JPM     EQUITY Financial Services  314.9850  78.67         AVOID      AVOID       62.78         100.0    Poor risk/reward or overextended in current market conditions
   TSM     EQUITY         Technology  437.1300  78.67         AVOID      AVOID       55.03         100.0    Poor risk/reward or overextended in current market conditions
   ONB     EQUITY Financial Services   24.5000  78.49 WAIT_PULLBACK   PULLBACK       77.68          95.0 Strong setup but price extended; wait for pullback to entry zone
   HLT     EQUITY  Consumer Cyclical  343.9250  78.17         AVOID      AVOID       54.62         100.0    Poor risk/reward or overextended in current market conditions
    RF     EQUITY Financial Services   29.1450  77.87         AVOID      AVOID       62.78          95.0    Poor risk/reward or overextended in current market conditions
   LLY     EQUITY         Healthcare 1163.0800  77.07         AVOID      AVOID       54.62         100.0    Poor risk/reward or overextended in current market conditions
  INCY     EQUITY         Healthcare  102.5400  77.04         AVOID      AVOID       54.62          95.0    Poor risk/reward or overextended in current market conditions
   EOG     EQUITY             Energy  139.0750  76.32         WATCH   PULLBACK       84.78         100.0 Regime-adjusted score below 80; monitor until conditions improve
   BNL     EQUITY        Real Estate   20.6500  76.20         AVOID      AVOID       64.78          95.0    Poor risk/reward or overextended in current market conditions
  AMAT     EQUITY         Technology  515.4750  76.04         AVOID      AVOID       55.10         100.0    Poor risk/reward or overextended in current market conditions

Saved full ranking to: /app/scanner_output/full_ranking.csv
Saved top 20 to: /app/scanner_output/top_candidates.csv
Saved scan snapshot to: /app/scanner_output/history/scan_20260609_135144.csv
