 Container market-alpha-scanner-market-alpha-postgres-1 Running
 Container market-alpha-scanner-market-alpha-postgres-1 Waiting
 Container market-alpha-scanner-market-alpha-postgres-1 Healthy
 Container market-alpha-scanner-market-alpha-scanner-job-run-43eb9a3c0869 Creating
 Container market-alpha-scanner-market-alpha-scanner-job-run-43eb9a3c0869 Created
[mode] FAST mode enabled
[mode] skipping news enrichment
[mode] skipping analysis outputs
[universe] selected 1000 symbols
[scanner] lock acquired
[1/5] Downloading price history for 1000 symbols...
[perf] price_history_download took 194.5s
[2/5] Downloading macro proxies...
[event] verified context available=True cache=hit sources=SEC EDGAR 8-K Filings,CoinDesk
[perf] macro_download took 4.1s
[3/5] Scoring symbols...
    scored 15/1000...
    scored 30/1000...
    scored 45/1000...
    scored 60/1000...
    scored 75/1000...
    scored 90/1000...
    scored 105/1000...
    scored 120/1000...
    scored 135/1000...
    scored 150/1000...
    scored 165/1000...
    scored 180/1000...
    scored 195/1000...
    scored 210/1000...
    scored 225/1000...
    scored 240/1000...
    scored 255/1000...
    scored 270/1000...
    scored 285/1000...
    scored 330/1000...
    scored 375/1000...
    scored 435/1000...
    scored 465/1000...
    scored 480/1000...
    scored 555/1000...
    scored 600/1000...
    scored 705/1000...
    scored 735/1000...
    scored 765/1000...
    scored 825/1000...
    scored 840/1000...
    scored 870/1000...
    scored 900/1000...
    scored 915/1000...
    scored 960/1000...
    scored 975/1000...
[cache] fundamentals hits=554 misses=0
[perf] scoring took 482.2s
[4/5] Enriching top names with headline / event context...
[cache] news hits=0 misses=0
[perf] headline_news_enrichment took 0.0s
[5/5] Building ranking table...
[perf] ranking_table_build took 3.5s
[perf] csv_writes took 1.0s

TOP CANDIDATES (final_decision source of truth)
symbol asset_type             sector    price  score decision setup_type  confidence  data_quality                                                           reason
   UUP   FX_PROXY          US Dollar   27.960  85.77    AVOID      AVOID       54.47          95.0    Poor risk/reward or overextended in current market conditions
   AMG     EQUITY Financial Services  346.045  80.94    AVOID      AVOID       62.62          95.0    Poor risk/reward or overextended in current market conditions
   BAC     EQUITY Financial Services   54.450  80.41    AVOID      AVOID       62.68         100.0    Poor risk/reward or overextended in current market conditions
  ABCB     EQUITY Financial Services   87.745  80.28    AVOID      AVOID       62.62          95.0    Poor risk/reward or overextended in current market conditions
   ONB     EQUITY Financial Services   24.545  80.22    AVOID      AVOID       62.68          95.0    Poor risk/reward or overextended in current market conditions
   HYG BOND_PROXY  High Yield Credit   79.720  79.89    AVOID      AVOID       54.47         100.0    Poor risk/reward or overextended in current market conditions
   BNS     EQUITY Financial Services   81.765  79.59    AVOID      AVOID       62.78          95.0    Poor risk/reward or overextended in current market conditions
  ZION     EQUITY Financial Services   65.130  79.54    AVOID      AVOID       62.62          95.0    Poor risk/reward or overextended in current market conditions
   MTB     EQUITY Financial Services  226.850  79.29    AVOID      AVOID       62.78          95.0    Poor risk/reward or overextended in current market conditions
   ASB     EQUITY Financial Services   28.665  79.15    AVOID      AVOID       62.78          95.0    Poor risk/reward or overextended in current market conditions
   PFG     EQUITY Financial Services  106.430  78.97    AVOID      AVOID       62.78          95.0    Poor risk/reward or overextended in current market conditions
   JPM     EQUITY Financial Services  314.760  78.79    AVOID      AVOID       62.78         100.0    Poor risk/reward or overextended in current market conditions
    RF     EQUITY Financial Services   29.115  77.97    AVOID      AVOID       62.78          95.0    Poor risk/reward or overextended in current market conditions
   HLT     EQUITY  Consumer Cyclical  344.825  77.82    AVOID      AVOID       54.62         100.0    Poor risk/reward or overextended in current market conditions
    RL     EQUITY  Consumer Cyclical  386.790  77.75    AVOID      AVOID       54.78         100.0    Poor risk/reward or overextended in current market conditions
   TSM     EQUITY         Technology  436.510  77.62    AVOID      AVOID       55.03         100.0    Poor risk/reward or overextended in current market conditions
  INCY     EQUITY         Healthcare  103.190  76.68    AVOID      AVOID       54.62          95.0    Poor risk/reward or overextended in current market conditions
   LLY     EQUITY         Healthcare 1157.650  76.58    AVOID      AVOID       54.62         100.0    Poor risk/reward or overextended in current market conditions
    MS     EQUITY Financial Services  213.935  75.71    AVOID      AVOID       62.62         100.0    Poor risk/reward or overextended in current market conditions
   EOG     EQUITY             Energy  138.380  75.70    WATCH   PULLBACK       84.78         100.0 Regime-adjusted score below 80; monitor until conditions improve

Saved full ranking to: /app/scanner_output/full_ranking.csv
Saved top 20 to: /app/scanner_output/top_candidates.csv
Saved scan snapshot to: /app/scanner_output/history/scan_20260609_140710.csv
