 Container market-alpha-scanner-market-alpha-postgres-1 Running 
 Container market-alpha-scanner-market-alpha-postgres-1 Waiting 
 Container market-alpha-scanner-market-alpha-postgres-1 Healthy 
 Container market-alpha-scanner-market-alpha-scanner-job-run-e21fd669dabb Creating 
 Container market-alpha-scanner-market-alpha-scanner-job-run-e21fd669dabb Created 
[mode] FAST mode enabled
[mode] skipping news enrichment
[mode] skipping analysis outputs
[universe] selected 500 symbols
[scanner] lock acquired
[1/5] Downloading price history for 500 symbols...
[perf] price_history_download took 184.9s
[2/5] Downloading macro proxies...
[event] verified context available=True cache=refresh sources=PR Newswire,MarketWatch
[perf] macro_download took 11.1s
[3/5] Scoring symbols...
    scored 15/500...
    scored 30/500...
    scored 45/500...
    scored 60/500...
    scored 75/500...
    scored 90/500...
Failed to get ticker 'USO' reason: Failed to perform, curl: (6) Could not resolve host: query2.finance.yahoo.com. See https://curl.se/libcurl/c/libcurl-errors.html first for more details.
    scored 105/500...
Failed to get ticker 'LUNR' reason: Failed to perform, curl: (7) Failed to connect to fc.yahoo.com port 443 after 4001 ms: Could not connect to server. See https://curl.se/libcurl/c/libcurl-errors.html first for more details.

1 Failed download:
['LUNR']: ConnectionError('Failed to perform, curl: (7) Failed to connect to fc.yahoo.com port 443 after 0 ms: Could not connect to server. See https://curl.se/libcurl/c/libcurl-errors.html first for more details.')
Failed to get ticker 'SOUN' reason: Failed to perform, curl: (7) Failed to connect to query2.finance.yahoo.com port 443 after 4002 ms: Could not connect to server. See https://curl.se/libcurl/c/libcurl-errors.html first for more details.
$SOUN: possibly delisted; no price data found  (period=2y)

1 Failed download:
['SOUN']: possibly delisted; no price data found  (period=2y)
    scored 135/500...
    scored 150/500...
Failed to get ticker 'BITB' reason: Failed to perform, curl: (6) Could not resolve host: query2.finance.yahoo.com. See https://curl.se/libcurl/c/libcurl-errors.html first for more details.
    scored 165/500...
Failed to get ticker 'FBTC' reason: Failed to perform, curl: (7) Failed to connect to fc.yahoo.com port 443 after 8002 ms: Could not connect to server. See https://curl.se/libcurl/c/libcurl-errors.html first for more details.
$FBTC: possibly delisted; no price data found  (period=2y)

1 Failed download:
['FBTC']: possibly delisted; no price data found  (period=2y)
Failed to get ticker 'ARKB' reason: Failed to perform, curl: (7) Failed to connect to fc.yahoo.com port 443 after 4002 ms: Could not connect to server. See https://curl.se/libcurl/c/libcurl-errors.html first for more details.
$ARKB: possibly delisted; no price data found  (period=2y)

1 Failed download:
['ARKB']: possibly delisted; no price data found  (period=2y)
Failed to get ticker 'GBTC' reason: Failed to perform, curl: (7) Failed to connect to fc.yahoo.com port 443 after 4001 ms: Could not connect to server. See https://curl.se/libcurl/c/libcurl-errors.html first for more details.
$GBTC: possibly delisted; no price data found  (period=2y)

1 Failed download:
['GBTC']: possibly delisted; no price data found  (period=2y)
    scored 180/500...
Failed to get ticker 'HEI' reason: Failed to perform, curl: (6) Could not resolve host: query1.finance.yahoo.com. See https://curl.se/libcurl/c/libcurl-errors.html first for more details.
Failed to get ticker 'AVAV' reason: Failed to perform, curl: (6) Could not resolve host: query1.finance.yahoo.com. See https://curl.se/libcurl/c/libcurl-errors.html first for more details.
    scored 195/500...
Failed to get ticker 'BIIB' reason: Failed to perform, curl: (7) Failed to connect to fc.yahoo.com port 443 after 4002 ms: Could not connect to server. See https://curl.se/libcurl/c/libcurl-errors.html first for more details.
$BIIB: possibly delisted; no price data found  (period=2y)

1 Failed download:
['BIIB']: possibly delisted; no price data found  (period=2y)
Failed to get ticker 'EXEL' reason: Failed to perform, curl: (7) Failed to connect to fc.yahoo.com port 443 after 4002 ms: Could not connect to server. See https://curl.se/libcurl/c/libcurl-errors.html first for more details.
$EXEL: possibly delisted; no price data found  (period=2y)

1 Failed download:
['EXEL']: possibly delisted; no price data found  (period=2y)
Failed to get ticker 'AXSM' reason: Failed to perform, curl: (7) Failed to connect to query2.finance.yahoo.com port 443 after 4002 ms: Could not connect to server. See https://curl.se/libcurl/c/libcurl-errors.html first for more details.
$AXSM: possibly delisted; no price data found  (period=2y)

1 Failed download:
['AXSM']: possibly delisted; no price data found  (period=2y)
Failed to get ticker 'IMVT' reason: Failed to perform, curl: (7) Failed to connect to fc.yahoo.com port 443 after 4002 ms: Could not connect to server. See https://curl.se/libcurl/c/libcurl-errors.html first for more details.
$IMVT: possibly delisted; no price data found  (period=2y)

1 Failed download:
['IMVT']: possibly delisted; no price data found  (period=2y)
Failed to get ticker 'LEGN' reason: Failed to perform, curl: (7) Failed to connect to fc.yahoo.com port 443 after 4001 ms: Could not connect to server. See https://curl.se/libcurl/c/libcurl-errors.html first for more details.
$LEGN: possibly delisted; no price data found  (period=2y)

1 Failed download:
['LEGN']: possibly delisted; no price data found  (period=2y)
    scored 225/500...
Failed to get ticker 'ACLX' reason: Failed to perform, curl: (6) Could not resolve host: www.yahoo.com. See https://curl.se/libcurl/c/libcurl-errors.html first for more details.
Failed to get ticker 'APLS' reason: Failed to perform, curl: (6) Could not resolve host: guce.yahoo.com. See https://curl.se/libcurl/c/libcurl-errors.html first for more details.
$APLS: possibly delisted; no price data found  (period=2y)

1 Failed download:
['APLS']: possibly delisted; no price data found  (period=2y)
Failed to get ticker 'FOLD' reason: Failed to perform, curl: (6) Could not resolve host: query2.finance.yahoo.com. See https://curl.se/libcurl/c/libcurl-errors.html first for more details.
    scored 240/500...
    scored 255/500...
    scored 270/500...
    scored 285/500...
    scored 330/500...
    scored 375/500...
    scored 435/500...
    scored 465/500...
    scored 480/500...
[cache] fundamentals hits=0 misses=358
[perf] scoring took 1553.0s
[4/5] Enriching top names with headline / event context...
[cache] news hits=0 misses=0
[perf] headline_news_enrichment took 0.0s
[5/5] Building ranking table...
[scanner] accounting: selected=500 accounted=500 ranked=335 unknown=0 report=/app/scanner_output/phase35c1_500_shared/scanner_drop_reasons.csv
[perf] ranking_table_build took 2.3s
[perf] csv_writes took 0.3s

TOP CANDIDATES (final_decision source of truth)
symbol asset_type             sector   price  score decision setup_type  confidence  data_quality                                                        reason
   UUP   FX_PROXY          US Dollar   28.01  87.32    AVOID      AVOID       53.69          95.0 Poor risk/reward or overextended in current market conditions
   BAC     EQUITY Financial Services   54.39  82.32    AVOID      AVOID       61.67          95.0 Poor risk/reward or overextended in current market conditions
   ONB     EQUITY Financial Services   24.28  80.76    AVOID      AVOID       77.67          95.0 Poor risk/reward or overextended in current market conditions
   ASB     EQUITY Financial Services   28.39  80.34    AVOID      AVOID       71.82          95.0 Poor risk/reward or overextended in current market conditions
   MTB     EQUITY Financial Services  225.43  80.34    AVOID      AVOID       61.82          95.0 Poor risk/reward or overextended in current market conditions
   PFG     EQUITY Financial Services  106.66  80.04    AVOID      AVOID       61.82          95.0 Poor risk/reward or overextended in current market conditions
  INCY     EQUITY         Healthcare  103.23  79.82    AVOID      AVOID       59.21          95.0 Poor risk/reward or overextended in current market conditions
  ASML     EQUITY         Technology 1778.47  79.46    AVOID      AVOID       58.72          95.0 Poor risk/reward or overextended in current market conditions
    RL     EQUITY  Consumer Cyclical  390.99  78.68    AVOID      AVOID       53.82          95.0 Poor risk/reward or overextended in current market conditions
   HYG BOND_PROXY  High Yield Credit   79.62  78.24    AVOID      AVOID       45.69          95.0 Poor risk/reward or overextended in current market conditions
   TSM     EQUITY         Technology  427.91  78.15    AVOID      AVOID       69.20          95.0 Poor risk/reward or overextended in current market conditions
   BNL     EQUITY        Real Estate   20.94  78.08    AVOID      AVOID       61.82          95.0 Poor risk/reward or overextended in current market conditions
    MS     EQUITY Financial Services  210.30  77.95    AVOID      AVOID       77.21          95.0 Poor risk/reward or overextended in current market conditions
   XLF        ETF Financial Services   52.47  77.90    AVOID      AVOID       59.69          95.0 Poor risk/reward or overextended in current market conditions
  EXPD     EQUITY        Industrials  166.34  77.24    AVOID      AVOID       69.13          95.0 Poor risk/reward or overextended in current market conditions
   UBS     EQUITY Financial Services   47.86  77.13    AVOID      AVOID       77.59          95.0 Poor risk/reward or overextended in current market conditions
   LLY     EQUITY         Healthcare 1143.94  76.85    AVOID      AVOID       59.21          95.0 Poor risk/reward or overextended in current market conditions
    GS     EQUITY Financial Services 1032.31  76.68    AVOID      AVOID       77.82          95.0 Poor risk/reward or overextended in current market conditions
   HLT     EQUITY  Consumer Cyclical  342.66  76.64    AVOID      AVOID       53.21          95.0 Poor risk/reward or overextended in current market conditions
   MPC     EQUITY             Energy  258.19  76.00    AVOID      AVOID       67.78          95.0 Poor risk/reward or overextended in current market conditions

Saved full ranking to: /app/scanner_output/phase35c1_500_shared/full_ranking.csv
Saved top 20 to: /app/scanner_output/phase35c1_500_shared/top_candidates.csv
Wrote database rows: scan_runs=1, scanner_signals=335
[scanner] accounting: selected=500 accounted=500 ranked=335 unknown=0 report=/app/scanner_output/phase35c1_500_shared/scanner_drop_reasons.csv

Important:
- This is a ranking engine, not financial advice or a prediction guarantee.
- Headline and macro layers are intentionally simple and can be wrong.
- AVWAP uses objective anchors (YTD and recent swing low) rather than hand-picked discretionary anchors.
- VPVR is intentionally not included because Yahoo daily bars are not reliable enough for it.
- Historical evaluation is useful, but it is not survivorship-free or point-in-time perfect.
[scanner] lock released
[perf] total_runtime took 1793.4s
