 Container market-alpha-scanner-market-alpha-postgres-1 Running 
 Container market-alpha-scanner-market-alpha-postgres-1 Waiting 
 Container market-alpha-scanner-market-alpha-postgres-1 Healthy 
 Container market-alpha-scanner-market-alpha-scanner-job-run-17ea5b95e3df Creating 
 Container market-alpha-scanner-market-alpha-scanner-job-run-17ea5b95e3df Created 
[mode] FAST mode enabled
[mode] skipping news enrichment
[mode] skipping analysis outputs
[universe] selected 1000 symbols
[scanner] lock acquired
[1/5] Downloading price history for 1000 symbols...
[perf] price_history_download took 166.6s
[2/5] Downloading macro proxies...
[event] verified context available=True cache=hit sources=PR Newswire,MarketWatch
[perf] macro_download took 3.1s
[3/5] Scoring symbols...
    scored 15/1000...
    scored 30/1000...
    scored 45/1000...
    scored 60/1000...
    scored 75/1000...
    scored 90/1000...
    scored 105/1000...
    scored 135/1000...
    scored 150/1000...
    scored 165/1000...
    scored 180/1000...
    scored 195/1000...
    scored 210/1000...
    scored 225/1000...
    scored 240/1000...
    scored 255/1000...
    scored 270/1000...
    scored 285/1000...
    scored 330/1000...
    scored 375/1000...
    scored 435/1000...
    scored 465/1000...
    scored 480/1000...
    scored 555/1000...
    scored 600/1000...
    scored 705/1000...
    scored 735/1000...
    scored 765/1000...
    scored 825/1000...
    scored 840/1000...
    scored 870/1000...
    scored 900/1000...
    scored 915/1000...
    scored 960/1000...
    scored 975/1000...
[cache] fundamentals hits=358 misses=195
[perf] scoring took 660.0s
[4/5] Enriching top names with headline / event context...
[cache] news hits=0 misses=0
[perf] headline_news_enrichment took 0.0s
[5/5] Building ranking table...
[scanner] accounting: selected=1000 accounted=1000 ranked=526 unknown=0 report=/app/scanner_output/phase35c1_1000_shared/scanner_drop_reasons.csv
[perf] ranking_table_build took 3.5s
[perf] csv_writes took 0.6s

TOP CANDIDATES (final_decision source of truth)
symbol asset_type             sector   price  score decision setup_type  confidence  data_quality                                                        reason
   UUP   FX_PROXY          US Dollar   28.01  87.32    AVOID      AVOID       53.69          95.0 Poor risk/reward or overextended in current market conditions
  ZION     EQUITY Financial Services   64.83  82.53    AVOID      AVOID       77.21          95.0 Poor risk/reward or overextended in current market conditions
   BAC     EQUITY Financial Services   54.39  82.32    AVOID      AVOID       61.67         100.0 Poor risk/reward or overextended in current market conditions
   AMG     EQUITY Financial Services  342.12  82.04    AVOID      AVOID       61.21          95.0 Poor risk/reward or overextended in current market conditions
   ONB     EQUITY Financial Services   24.28  80.76    AVOID      AVOID       77.67          95.0 Poor risk/reward or overextended in current market conditions
   BNS     EQUITY Financial Services   81.70  80.57    AVOID      AVOID       61.82          95.0 Poor risk/reward or overextended in current market conditions
   ASB     EQUITY Financial Services   28.39  80.34    AVOID      AVOID       71.82          95.0 Poor risk/reward or overextended in current market conditions
   MTB     EQUITY Financial Services  225.43  80.34    AVOID      AVOID       61.82          95.0 Poor risk/reward or overextended in current market conditions
   PFG     EQUITY Financial Services  106.66  80.04    AVOID      AVOID       61.82          95.0 Poor risk/reward or overextended in current market conditions
  INCY     EQUITY         Healthcare  103.23  79.82    AVOID      AVOID       59.21          95.0 Poor risk/reward or overextended in current market conditions
  ASML     EQUITY         Technology 1778.47  79.46    AVOID      AVOID       58.72         100.0 Poor risk/reward or overextended in current market conditions
  ABCB     EQUITY Financial Services   86.10  79.19    AVOID      AVOID       71.21          95.0 Poor risk/reward or overextended in current market conditions
    RF     EQUITY Financial Services   28.60  79.07    AVOID      AVOID       61.82          95.0 Poor risk/reward or overextended in current market conditions
    RL     EQUITY  Consumer Cyclical  390.99  78.68    AVOID      AVOID       53.82         100.0 Poor risk/reward or overextended in current market conditions
   HYG BOND_PROXY  High Yield Credit   79.62  78.24    AVOID      AVOID       45.69         100.0 Poor risk/reward or overextended in current market conditions
   TSM     EQUITY         Technology  427.91  78.15    AVOID      AVOID       69.20         100.0 Poor risk/reward or overextended in current market conditions
    MS     EQUITY Financial Services  210.30  77.95    AVOID      AVOID       77.21         100.0 Poor risk/reward or overextended in current market conditions
   XLF        ETF Financial Services   52.47  77.90    AVOID      AVOID       59.69         100.0 Poor risk/reward or overextended in current market conditions
   AON     EQUITY Financial Services  331.49  77.80    AVOID      AVOID       61.21         100.0 Poor risk/reward or overextended in current market conditions
   BNL     EQUITY        Real Estate   20.94  77.66    AVOID      AVOID       53.82          95.0 Poor risk/reward or overextended in current market conditions

Saved full ranking to: /app/scanner_output/phase35c1_1000_shared/full_ranking.csv
Saved top 20 to: /app/scanner_output/phase35c1_1000_shared/top_candidates.csv
Wrote database rows: scan_runs=1, scanner_signals=526
[scanner] accounting: selected=1000 accounted=1000 ranked=526 unknown=0 report=/app/scanner_output/phase35c1_1000_shared/scanner_drop_reasons.csv

Important:
- This is a ranking engine, not financial advice or a prediction guarantee.
- Headline and macro layers are intentionally simple and can be wrong.
- AVWAP uses objective anchors (YTD and recent swing low) rather than hand-picked discretionary anchors.
- VPVR is intentionally not included because Yahoo daily bars are not reliable enough for it.
- Historical evaluation is useful, but it is not survivorship-free or point-in-time perfect.
[scanner] lock released
[perf] total_runtime took 876.5s
